[INFO] Scanning for projects...
[INFO] 
[INFO] --------------------< com.familytree:kokkiligadda >---------------------
[INFO] Building kokkiligadda 0.0.1-SNAPSHOT
[INFO]   from pom.xml
[INFO] --------------------------------[ jar ]---------------------------------
[INFO] 
[INFO] --- resources:3.3.1:resources (default-resources) @ kokkiligadda ---
[INFO] Copying 1 resource from src\main\resources to target\classes
[INFO] Copying 0 resource from src\main\resources to target\classes
[INFO] 
[INFO] --- compiler:3.13.0:compile (default-compile) @ kokkiligadda ---
[INFO] Nothing to compile - all classes are up to date.
[INFO] 
[INFO] --- resources:3.3.1:testResources (default-testResources) @ kokkiligadda ---
[INFO] skip non existing resourceDirectory E:\Anil anna\kokkiligadda\kokkiligadda\src\test\resources
[INFO] 
[INFO] --- compiler:3.13.0:testCompile (default-testCompile) @ kokkiligadda ---
[INFO] Nothing to compile - all classes are up to date.
[INFO] 
[INFO] --- surefire:3.2.5:test (default-test) @ kokkiligadda ---
[INFO] Using auto detected provider org.apache.maven.surefire.junitplatform.JUnitPlatformProvider
[INFO] 
[INFO] -------------------------------------------------------
[INFO]  T E S T S
[INFO] -------------------------------------------------------
[INFO] Running com.familytree.kokkiligadda.controller.FamilyMemberControllerTest
20:04:06.411 [main] INFO org.springframework.test.context.support.AnnotationConfigContextLoaderUtils -- Could not detect default configuration classes for test class [com.familytree.kokkiligadda.controller.FamilyMemberControllerTest]: FamilyMemberControllerTest does not declare any static, non-private, non-final, nested classes annotated with @Configuration.
20:04:06.756 [main] INFO org.springframework.boot.test.context.SpringBootTestContextBootstrapper -- Found @SpringBootConfiguration com.familytree.kokkiligadda.KokkiligaddaApplication for test class com.familytree.kokkiligadda.controller.FamilyMemberControllerTest
[INFO] Running com.familytree.kokkiligadda.controller.FamilyMemberControllerTest$DetailTests
20:04:06.842 [main] INFO org.springframework.test.context.support.AnnotationConfigContextLoaderUtils -- Could not detect default configuration classes for test class [com.familytree.kokkiligadda.controller.FamilyMemberControllerTest$DetailTests]: DetailTests does not declare any static, non-private, non-final, nested classes annotated with @Configuration.
20:04:06.889 [main] INFO org.springframework.boot.test.context.SpringBootTestContextBootstrapper -- Found @SpringBootConfiguration com.familytree.kokkiligadda.KokkiligaddaApplication for test class com.familytree.kokkiligadda.controller.FamilyMemberControllerTest$DetailTests
  .   ____          _            __ _ _
 /\\ / ___'_ __ _ _(_)_ __  __ _ \ \ \ \
( ( )\___ | '_ | '_| | '_ \/ _` | \ \ \ \
 \\/  ___)| |_)| | | | | || (_| |  ) ) ) )
  '  |____| .__|_| |_|_| |_\__, | / / / /
 =========|_|==============|___/=/_/_/_/

 :: Spring Boot ::                (v3.3.0)

2026-06-04T20:04:07.883+05:30  INFO 13848 --- [kokkiligadda] [           main] c.f.k.c.FamilyMemberControllerTest       : Starting FamilyMemberControllerTest using Java 21.0.1 with PID 13848 (started by Adhi in E:\Anil anna\kokkiligadda\kokkiligadda)
2026-06-04T20:04:07.886+05:30  INFO 13848 --- [kokkiligadda] [           main] c.f.k.c.FamilyMemberControllerTest       : No active profile set, falling back to 1 default profile: "default"
WARNING: A Java agent has been loaded dynamically (C:\Users\Adhi\.m2\repository\net\bytebuddy\byte-buddy-agent\1.14.16\byte-buddy-agent-1.14.16.jar)
WARNING: If a serviceability tool is in use, please run with -XX:+EnableDynamicAgentLoading to hide this warning
WARNING: If a serviceability tool is not in use, please run with -Djdk.instrument.traceUsage for more information
WARNING: Dynamic loading of agents will be disallowed by default in a future release
OpenJDK 64-Bit Server VM warning: Sharing is only supported for boot loader classes because bootstrap classpath has been appended
2026-06-04T20:04:12.463+05:30  INFO 13848 --- [kokkiligadda] [           main] o.s.b.t.m.w.SpringBootMockServletContext : Initializing Spring TestDispatcherServlet ''
2026-06-04T20:04:12.464+05:30  INFO 13848 --- [kokkiligadda] [           main] o.s.t.web.servlet.TestDispatcherServlet  : Initializing Servlet ''
2026-06-04T20:04:12.470+05:30  INFO 13848 --- [kokkiligadda] [           main] o.s.t.web.servlet.TestDispatcherServlet  : Completed initialization in 2 ms
2026-06-04T20:04:12.537+05:30  INFO 13848 --- [kokkiligadda] [           main] c.f.k.c.FamilyMemberControllerTest       : Started FamilyMemberControllerTest in 5.475 seconds (process running for 7.954)
[INFO] Tests run: 3, Failures: 0, Errors: 0, Skipped: 0, Time elapsed: 6.465 s -- in com.familytree.kokkiligadda.controller.FamilyMemberControllerTest$DetailTests
[INFO] Running com.familytree.kokkiligadda.controller.FamilyMemberControllerTest$TreeTests
2026-06-04T20:04:13.319+05:30  INFO 13848 --- [kokkiligadda] [           main] t.c.s.AnnotationConfigContextLoaderUtils : Could not detect default configuration classes for test class [com.familytree.kokkiligadda.controller.FamilyMemberControllerTest$TreeTests]: TreeTests does not declare any static, non-private, non-final, nested classes annotated with @Configuration.
2026-06-04T20:04:13.371+05:30  INFO 13848 --- [kokkiligadda] [           main] .b.t.c.SpringBootTestContextBootstrapper : Found @SpringBootConfiguration com.familytree.kokkiligadda.KokkiligaddaApplication for test class com.familytree.kokkiligadda.controller.FamilyMemberControllerTest$TreeTests
[INFO] Tests run: 8, Failures: 0, Errors: 0, Skipped: 0, Time elapsed: 0.405 s -- in com.familytree.kokkiligadda.controller.FamilyMemberControllerTest$TreeTests
[INFO] Running com.familytree.kokkiligadda.controller.FamilyMemberControllerTest$ParentTests
2026-06-04T20:04:13.722+05:30  INFO 13848 --- [kokkiligadda] [           main] t.c.s.AnnotationConfigContextLoaderUtils : Could not detect default configuration classes for test class [com.familytree.kokkiligadda.controller.FamilyMemberControllerTest$ParentTests]: ParentTests does not declare any static, non-private, non-final, nested classes annotated with @Configuration.
2026-06-04T20:04:13.759+05:30  INFO 13848 --- [kokkiligadda] [           main] .b.t.c.SpringBootTestContextBootstrapper : Found @SpringBootConfiguration com.familytree.kokkiligadda.KokkiligaddaApplication for test class com.familytree.kokkiligadda.controller.FamilyMemberControllerTest$ParentTests
[INFO] Tests run: 2, Failures: 0, Errors: 0, Skipped: 0, Time elapsed: 0.075 s -- in com.familytree.kokkiligadda.controller.FamilyMemberControllerTest$ParentTests
[INFO] Running com.familytree.kokkiligadda.controller.FamilyMemberControllerTest$SpouseTests
2026-06-04T20:04:13.802+05:30  INFO 13848 --- [kokkiligadda] [           main] t.c.s.AnnotationConfigContextLoaderUtils : Could not detect default configuration classes for test class [com.familytree.kokkiligadda.controller.FamilyMemberControllerTest$SpouseTests]: SpouseTests does not declare any static, non-private, non-final, nested classes annotated with @Configuration.
2026-06-04T20:04:13.827+05:30  INFO 13848 --- [kokkiligadda] [           main] .b.t.c.SpringBootTestContextBootstrapper : Found @SpringBootConfiguration com.familytree.kokkiligadda.KokkiligaddaApplication for test class com.familytree.kokkiligadda.controller.FamilyMemberControllerTest$SpouseTests
[INFO] Tests run: 7, Failures: 0, Errors: 0, Skipped: 0, Time elapsed: 0.150 s -- in com.familytree.kokkiligadda.controller.FamilyMemberControllerTest$SpouseTests
[INFO] Running com.familytree.kokkiligadda.controller.FamilyMemberControllerTest$ChildrenTests
2026-06-04T20:04:13.963+05:30  INFO 13848 --- [kokkiligadda] [           main] t.c.s.AnnotationConfigContextLoaderUtils : Could not detect default configuration classes for test class [com.familytree.kokkiligadda.controller.FamilyMemberControllerTest$ChildrenTests]: ChildrenTests does not declare any static, non-private, non-final, nested classes annotated with @Configuration.
2026-06-04T20:04:13.986+05:30  INFO 13848 --- [kokkiligadda] [           main] .b.t.c.SpringBootTestContextBootstrapper : Found @SpringBootConfiguration com.familytree.kokkiligadda.KokkiligaddaApplication for test class com.familytree.kokkiligadda.controller.FamilyMemberControllerTest$ChildrenTests
[INFO] Tests run: 3, Failures: 0, Errors: 0, Skipped: 0, Time elapsed: 0.078 s -- in com.familytree.kokkiligadda.controller.FamilyMemberControllerTest$ChildrenTests
[INFO] Running com.familytree.kokkiligadda.controller.FamilyMemberControllerTest$CrudTests
2026-06-04T20:04:14.042+05:30  INFO 13848 --- [kokkiligadda] [           main] t.c.s.AnnotationConfigContextLoaderUtils : Could not detect default configuration classes for test class [com.familytree.kokkiligadda.controller.FamilyMemberControllerTest$CrudTests]: CrudTests does not declare any static, non-private, non-final, nested classes annotated with @Configuration.
2026-06-04T20:04:14.066+05:30  INFO 13848 --- [kokkiligadda] [           main] .b.t.c.SpringBootTestContextBootstrapper : Found @SpringBootConfiguration com.familytree.kokkiligadda.KokkiligaddaApplication for test class com.familytree.kokkiligadda.controller.FamilyMemberControllerTest$CrudTests
[INFO] Tests run: 9, Failures: 0, Errors: 0, Skipped: 0, Time elapsed: 0.147 s -- in com.familytree.kokkiligadda.controller.FamilyMemberControllerTest$CrudTests
[INFO] Tests run: 0, Failures: 0, Errors: 0, Skipped: 0, Time elapsed: 8.210 s -- in com.familytree.kokkiligadda.controller.FamilyMemberControllerTest
[INFO] Running com.familytree.kokkiligadda.KokkiligaddaApplicationTests
2026-06-04T20:04:14.192+05:30  INFO 13848 --- [kokkiligadda] [           main] t.c.s.AnnotationConfigContextLoaderUtils : Could not detect default configuration classes for test class [com.familytree.kokkiligadda.KokkiligaddaApplicationTests]: KokkiligaddaApplicationTests does not declare any static, non-private, non-final, nested classes annotated with @Configuration.
2026-06-04T20:04:14.222+05:30  INFO 13848 --- [kokkiligadda] [           main] .b.t.c.SpringBootTestContextBootstrapper : Found @SpringBootConfiguration com.familytree.kokkiligadda.KokkiligaddaApplication for test class com.familytree.kokkiligadda.KokkiligaddaApplicationTests
  .   ____          _            __ _ _
 /\\ / ___'_ __ _ _(_)_ __  __ _ \ \ \ \
( ( )\___ | '_ | '_| | '_ \/ _` | \ \ \ \
 \\/  ___)| |_)| | | | | || (_| |  ) ) ) )
  '  |____| .__|_| |_|_| |_\__, | / / / /
 =========|_|==============|___/=/_/_/_/

 :: Spring Boot ::                (v3.3.0)

2026-06-04T20:04:14.284+05:30  INFO 13848 --- [kokkiligadda] [           main] c.f.k.KokkiligaddaApplicationTests       : Starting KokkiligaddaApplicationTests using Java 21.0.1 with PID 13848 (started by Adhi in E:\Anil anna\kokkiligadda\kokkiligadda)
2026-06-04T20:04:14.284+05:30  INFO 13848 --- [kokkiligadda] [           main] c.f.k.KokkiligaddaApplicationTests       : No active profile set, falling back to 1 default profile: "default"
2026-06-04T20:04:14.893+05:30  INFO 13848 --- [kokkiligadda] [           main] .s.d.r.c.RepositoryConfigurationDelegate : Bootstrapping Spring Data MongoDB repositories in DEFAULT mode.
2026-06-04T20:04:15.017+05:30  INFO 13848 --- [kokkiligadda] [           main] .s.d.r.c.RepositoryConfigurationDelegate : Finished Spring Data repository scanning in 108 ms. Found 1 MongoDB repository interface.
2026-06-04T20:04:15.936+05:30  INFO 13848 --- [kokkiligadda] [           main] org.mongodb.driver.client                : MongoClient with metadata {"driver": {"name": "mongo-java-driver|sync|spring-boot", "version": "5.0.1"}, "os": {"type": "Windows", "name": "Windows 11", "architecture": "amd64", "version": "10.0"}, "platform": "Java/Azul Systems, Inc./21.0.1+12-LTS"} created with settings MongoClientSettings{readPreference=primary, writeConcern=WriteConcern{w=null, wTimeout=null ms, journal=null}, retryWrites=true, retryReads=true, readConcern=ReadConcern{level=null}, credential=null, transportSettings=null, commandListeners=[], codecRegistry=ProvidersCodecRegistry{codecProviders=[ValueCodecProvider{}, BsonValueCodecProvider{}, DBRefCodecProvider{}, DBObjectCodecProvider{}, DocumentCodecProvider{}, CollectionCodecProvider{}, IterableCodecProvider{}, MapCodecProvider{}, GeoJsonCodecProvider{}, GridFSFileCodecProvider{}, Jsr310CodecProvider{}, JsonObjectCodecProvider{}, BsonCodecProvider{}, EnumCodecProvider{}, com.mongodb.client.model.mql.ExpressionCodecProvider@40d04cf8, com.mongodb.Jep395RecordCodecProvider@75507e68, com.mongodb.KotlinCodecProvider@152d2a58]}, loggerSettings=LoggerSettings{maxDocumentLength=1000}, clusterSettings={hosts=[localhost:27017], srvServiceName=mongodb, mode=SINGLE, requiredClusterType=UNKNOWN, requiredReplicaSetName='null', serverSelector='null', clusterListeners='[]', serverSelectionTimeout='30000 ms', localThreshold='15 ms'}, socketSettings=SocketSettings{connectTimeoutMS=10000, readTimeoutMS=0, receiveBufferSize=0, proxySettings=ProxySettings{host=null, port=null, username=null, password=null}}, heartbeatSocketSettings=SocketSettings{connectTimeoutMS=10000, readTimeoutMS=10000, receiveBufferSize=0, proxySettings=ProxySettings{host=null, port=null, username=null, password=null}}, connectionPoolSettings=ConnectionPoolSettings{maxSize=100, minSize=0, maxWaitTimeMS=120000, maxConnectionLifeTimeMS=0, maxConnectionIdleTimeMS=0, maintenanceInitialDelayMS=0, maintenanceFrequencyMS=60000, connectionPoolListeners=[], maxConnecting=2}, serverSettings=ServerSettings{heartbeatFrequencyMS=10000, minHeartbeatFrequencyMS=500, serverListeners='[]', serverMonitorListeners='[]'}, sslSettings=SslSettings{enabled=false, invalidHostNameAllowed=false, context=null}, applicationName='null', compressorList=[], uuidRepresentation=JAVA_LEGACY, serverApi=null, autoEncryptionSettings=null, dnsClient=null, inetAddressResolver=null, contextProvider=null}
2026-06-04T20:04:16.032+05:30  INFO 13848 --- [kokkiligadda] [localhost:27017] org.mongodb.driver.cluster               : Monitor thread successfully connected to server with description ServerDescription{address=localhost:27017, type=STANDALONE, state=CONNECTED, ok=true, minWireVersion=0, maxWireVersion=28, maxDocumentSize=16777216, logicalSessionTimeoutMinutes=30, roundTripTimeNanos=82697900}
2026-06-04T20:04:17.367+05:30  INFO 13848 --- [kokkiligadda] [           main] c.f.k.KokkiligaddaApplicationTests       : Started KokkiligaddaApplicationTests in 3.13 seconds (process running for 12.784)
[INFO] Tests run: 1, Failures: 0, Errors: 0, Skipped: 0, Time elapsed: 3.188 s -- in com.familytree.kokkiligadda.KokkiligaddaApplicationTests
[INFO] Running com.familytree.kokkiligadda.service.FamilyMemberServiceTest
[INFO] Running com.familytree.kokkiligadda.service.FamilyMemberServiceTest$ParentTests
[INFO] Tests run: 2, Failures: 0, Errors: 0, Skipped: 0, Time elapsed: 0.525 s -- in com.familytree.kokkiligadda.service.FamilyMemberServiceTest$ParentTests
[INFO] Running com.familytree.kokkiligadda.service.FamilyMemberServiceTest$SpouseTests
[INFO] Tests run: 7, Failures: 0, Errors: 0, Skipped: 0, Time elapsed: 0.056 s -- in com.familytree.kokkiligadda.service.FamilyMemberServiceTest$SpouseTests
[INFO] Running com.familytree.kokkiligadda.service.FamilyMemberServiceTest$ChildrenTests
[INFO] Tests run: 6, Failures: 0, Errors: 0, Skipped: 0, Time elapsed: 0.062 s -- in com.familytree.kokkiligadda.service.FamilyMemberServiceTest$ChildrenTests
[INFO] Running com.familytree.kokkiligadda.service.FamilyMemberServiceTest$DeleteTests
[INFO] Tests run: 2, Failures: 0, Errors: 0, Skipped: 0, Time elapsed: 0.015 s -- in com.familytree.kokkiligadda.service.FamilyMemberServiceTest$DeleteTests
[INFO] Running com.familytree.kokkiligadda.service.FamilyMemberServiceTest$PatchTests
[INFO] Tests run: 2, Failures: 0, Errors: 0, Skipped: 0, Time elapsed: 0.014 s -- in com.familytree.kokkiligadda.service.FamilyMemberServiceTest$PatchTests
[INFO] Running com.familytree.kokkiligadda.service.FamilyMemberServiceTest$ReadTests
[INFO] Tests run: 4, Failures: 0, Errors: 0, Skipped: 0, Time elapsed: 0.026 s -- in com.familytree.kokkiligadda.service.FamilyMemberServiceTest$ReadTests
[INFO] Running com.familytree.kokkiligadda.service.FamilyMemberServiceTest$CreateTests
[INFO] Tests run: 4, Failures: 0, Errors: 0, Skipped: 0, Time elapsed: 0.029 s -- in com.familytree.kokkiligadda.service.FamilyMemberServiceTest$CreateTests
[INFO] Tests run: 0, Failures: 0, Errors: 0, Skipped: 0, Time elapsed: 0.754 s -- in com.familytree.kokkiligadda.service.FamilyMemberServiceTest
[INFO] Running com.familytree.kokkiligadda.service.FamilyMemberServiceTreeTest
[INFO] Running com.familytree.kokkiligadda.service.FamilyMemberServiceTreeTest$GetChildNodesTests
[INFO] Tests run: 5, Failures: 0, Errors: 0, Skipped: 0, Time elapsed: 0.032 s -- in com.familytree.kokkiligadda.service.FamilyMemberServiceTreeTest$GetChildNodesTests
[INFO] Running com.familytree.kokkiligadda.service.FamilyMemberServiceTreeTest$GetNodeTests
[INFO] Tests run: 3, Failures: 0, Errors: 0, Skipped: 0, Time elapsed: 0.017 s -- in com.familytree.kokkiligadda.service.FamilyMemberServiceTreeTest$GetNodeTests
[INFO] Running com.familytree.kokkiligadda.service.FamilyMemberServiceTreeTest$CreateRootTests
[INFO] Tests run: 4, Failures: 0, Errors: 0, Skipped: 0, Time elapsed: 0.035 s -- in com.familytree.kokkiligadda.service.FamilyMemberServiceTreeTest$CreateRootTests
[INFO] Running com.familytree.kokkiligadda.service.FamilyMemberServiceTreeTest$GetRootTests
[INFO] Tests run: 5, Failures: 0, Errors: 0, Skipped: 0, Time elapsed: 0.031 s -- in com.familytree.kokkiligadda.service.FamilyMemberServiceTreeTest$GetRootTests
[INFO] Tests run: 0, Failures: 0, Errors: 0, Skipped: 0, Time elapsed: 0.125 s -- in com.familytree.kokkiligadda.service.FamilyMemberServiceTreeTest
[INFO] 
[INFO] Results:
[INFO] 
[INFO] Tests run: 77, Failures: 0, Errors: 0, Skipped: 0
[INFO] 
[INFO] ------------------------------------------------------------------------
[INFO] BUILD SUCCESS
[INFO] ------------------------------------------------------------------------
[INFO] Total time:  18.322 s
[INFO] Finished at: 2026-06-04T20:04:18+05:30
[INFO] ------------------------------------------------------------------------
